---
source: tui/src/render/step_card_tests.rs
expression: terminal.backend()
---
╭Sign in───────────────────────────────────────────────────╮
│ Sign in to Codex                                         │
│ Choose how to authenticate                               │
│                                                          │
│ › 1. Sign in with ChatGPT                                │
│      Usage included with paid plans                      │
│                                                          │
│   2. Provide your own API key                            │
│      Pay for what you use                                │
│                                                          │
│                                                          │
│                                                          │
│                                                          │
╰──────────────────────────────────────────────────────────╯
