---
source: tui/src/bottom_pane/toast_tests.rs
expression: terminal.backend()
---
"                                                            "
"  ┃                                                      │  "
"  ┃ Companion                                            │  "
"  ┃                                                      │  "
"                                                            "
"                                                            "
"                                                            "
"                                                            "
